// Vitest Snapshot v1, https://vitest.dev/guide/snapshot.html

exports[`Filter Component > renders genres correctly and matches the snapshot 1`] = `
<div>
  <section
    aria-label="Genre filter"
    class="filterContainer"
  >
    <section
      aria-label="Filter header"
      class="filterHeader"
    >
      <svg
        aria-hidden="true"
        class="filterSortIcon"
        fill="currentColor"
        height="1em"
        stroke="currentColor"
        stroke-width="0"
        viewBox="0 0 512 512"
        width="1em"
        xmlns="http://www.w3.org/2000/svg"
      >
        <path
          d="M487.976 0H24.028C2.71 0-8.047 25.866 7.058 40.971L192 225.941V432c0 7.831 3.821 15.17 10.237 19.662l80 55.98C298.02 518.69 320 507.493 320 487.98V225.941l184.947-184.97C520.021 25.896 509.338 0 487.976 0z"
        />
      </svg>
      <h2
        aria-label="Genre filter section"
      >
        Genre
      </h2>
    </section>
    <section
      aria-label="Available genres"
      class="categories"
    >
      <div
        aria-checked="false"
        aria-label="Filter for genre Country with 59 available songs"
        class="filterRow"
        role="checkbox"
        tabindex="-1"
      >
        <input
          aria-label="Toggle Country genre"
          class=""
          id="Country"
          tabindex="0"
          type="checkbox"
        />
        <label
          aria-label="Label for Country filter"
          class=""
          for="Country"
        >
          Country
           
          <span
            class="filterCount"
          >
            (
            59
            )
          </span>
        </label>
      </div>
      <div
        aria-checked="false"
        aria-label="Filter for genre Pop with 990 available songs"
        class="filterRow"
        role="checkbox"
        tabindex="-1"
      >
        <input
          aria-label="Toggle Pop genre"
          class=""
          id="Pop"
          tabindex="0"
          type="checkbox"
        />
        <label
          aria-label="Label for Pop filter"
          class=""
          for="Pop"
        >
          Pop
           
          <span
            class="filterCount"
          >
            (
            990
            )
          </span>
        </label>
      </div>
      <div
        aria-checked="false"
        aria-label="Filter for genre Rap with 1246 available songs"
        class="filterRow"
        role="checkbox"
        tabindex="-1"
      >
        <input
          aria-label="Toggle Rap genre"
          class=""
          id="Rap"
          tabindex="0"
          type="checkbox"
        />
        <label
          aria-label="Label for Rap filter"
          class=""
          for="Rap"
        >
          Rap
           
          <span
            class="filterCount"
          >
            (
            1246
            )
          </span>
        </label>
      </div>
      <div
        aria-checked="false"
        aria-label="Filter for genre Rb with 147 available songs"
        class="filterRow"
        role="checkbox"
        tabindex="-1"
      >
        <input
          aria-label="Toggle Rb genre"
          class=""
          id="Rb"
          tabindex="0"
          type="checkbox"
        />
        <label
          aria-label="Label for Rb filter"
          class=""
          for="Rb"
        >
          Rb
           
          <span
            class="filterCount"
          >
            (
            147
            )
          </span>
        </label>
      </div>
      <div
        aria-checked="false"
        aria-label="Filter for genre Rock with 505 available songs"
        class="filterRow"
        role="checkbox"
        tabindex="-1"
      >
        <input
          aria-label="Toggle Rock genre"
          class=""
          id="Rock"
          tabindex="0"
          type="checkbox"
        />
        <label
          aria-label="Label for Rock filter"
          class=""
          for="Rock"
        >
          Rock
           
          <span
            class="filterCount"
          >
            (
            505
            )
          </span>
        </label>
      </div>
    </section>
  </section>
</div>
`;
