// Vitest Snapshot v1, https://vitest.dev/guide/snapshot.html

exports[`PlaylistForm Component > calls onClose when the close button is clicked 1`] = `
<div>
  <div
    aria-label="Playlist creation form"
    class="form-overlay"
  >
    <form
      aria-labelledby="form-title"
      class="form-content"
    >
      <h2
        id="form-title"
      >
        Create new playlist
      </h2>
      <fieldset>
        <label
          class="playlist-label"
          for="playlist-name"
        >
          Enter playlist name:
        </label>
        <input
          aria-invalid="false"
          aria-required="true"
          class="playlist-input "
          id="playlist-name"
          maxlength="15"
          placeholder="Enter playlist name"
          type="text"
          value=""
        />
        <label
          class="playlist-label"
        >
          Select background color:
        </label>
        <div
          class="color-options"
        >
          <button
            aria-label="Select Dark Gray color"
            class="color-button selected"
            data-colorname="Dark Gray"
            style="background-color: rgb(138, 133, 135);"
            type="button"
          />
          <button
            aria-label="Select Dark Purple color"
            class="color-button "
            data-colorname="Dark Purple"
            style="background-color: rgb(134, 111, 149);"
            type="button"
          />
          <button
            aria-label="Select Dark Pink color"
            class="color-button "
            data-colorname="Dark Pink"
            style="background-color: rgb(158, 51, 105);"
            type="button"
          />
          <button
            aria-label="Select Dark Yellow color"
            class="color-button "
            data-colorname="Dark Yellow"
            style="background-color: rgb(215, 186, 40);"
            type="button"
          />
          <button
            aria-label="Select Dark Green color"
            class="color-button "
            data-colorname="Dark Green"
            style="background-color: rgb(53, 105, 63);"
            type="button"
          />
          <button
            aria-label="Select Dark Blue color"
            class="color-button "
            data-colorname="Dark Blue"
            style="background-color: rgb(68, 89, 136);"
            type="button"
          />
        </div>
        <label
          class="playlist-label"
        >
          Select an icon:
        </label>
        <div
          class="icon-options"
        >
          <button
            aria-label="Select Music Note icon"
            class="icon-button active"
            data-iconname="Music Note"
            type="button"
          >
            🎵
          </button>
          <button
            aria-label="Select Guitar icon"
            class="icon-button"
            data-iconname="Guitar"
            type="button"
          >
            🎸
          </button>
          <button
            aria-label="Select Microphone icon"
            class="icon-button"
            data-iconname="Microphone"
            type="button"
          >
            🎤
          </button>
          <button
            aria-label="Select Heart on Fire icon"
            class="icon-button"
            data-iconname="Heart on Fire"
            type="button"
          >
            ❤️‍🔥
          </button>
          <button
            aria-label="Select Mushroom icon"
            class="icon-button"
            data-iconname="Mushroom"
            type="button"
          >
            🍄
          </button>
          <button
            aria-label="Select Flower icon"
            class="icon-button"
            data-iconname="Flower"
            type="button"
          >
            🌸
          </button>
          <button
            aria-label="Select Sparkles icon"
            class="icon-button"
            data-iconname="Sparkles"
            type="button"
          >
            ✨
          </button>
          <button
            aria-label="Select Violin icon"
            class="icon-button"
            data-iconname="Violin"
            type="button"
          >
            🎻
          </button>
          <button
            aria-label="Select Projector icon"
            class="icon-button"
            data-iconname="Projector"
            type="button"
          >
            📽️
          </button>
          <button
            aria-label="Select Yoga icon"
            class="icon-button"
            data-iconname="Yoga"
            type="button"
          >
            🧘‍♀️
          </button>
          <button
            aria-label="Select Weight Lifting icon"
            class="icon-button"
            data-iconname="Weight Lifting"
            type="button"
          >
            🏋️‍♀️
          </button>
          <button
            aria-label="Select Running icon"
            class="icon-button"
            data-iconname="Running"
            type="button"
          >
            🏃‍♀️‍➡️
          </button>
          <button
            aria-label="Select Unicorn icon"
            class="icon-button"
            data-iconname="Unicorn"
            type="button"
          >
            🦄
          </button>
          <button
            aria-label="Select Disco Ball icon"
            class="icon-button"
            data-iconname="Disco Ball"
            type="button"
          >
            🪩
          </button>
          <button
            aria-label="Select Dancer icon"
            class="icon-button"
            data-iconname="Dancer"
            type="button"
          >
            🕺
          </button>
          <button
            aria-label="Select Autumn Leaf icon"
            class="icon-button"
            data-iconname="Autumn Leaf"
            type="button"
          >
            🍂
          </button>
          <button
            aria-label="Select Leaf icon"
            class="icon-button"
            data-iconname="Leaf"
            type="button"
          >
            🌿
          </button>
          <button
            aria-label="Select Christmas Tree icon"
            class="icon-button"
            data-iconname="Christmas Tree"
            type="button"
          >
            🎄
          </button>
          <button
            aria-label="Select Pumpkin icon"
            class="icon-button"
            data-iconname="Pumpkin"
            type="button"
          >
            🎃
          </button>
          <button
            aria-label="Select Broken Heart icon"
            class="icon-button"
            data-iconname="Broken Heart"
            type="button"
          >
            💔
          </button>
        </div>
      </fieldset>
      <button
        aria-label="Close playlist creation form"
        class="form-close-button"
        type="button"
      >
        Close
      </button>
      <button
        aria-label="Submit playlist creation form"
        class="form-submit-button"
        type="submit"
      >
        Submit
      </button>
    </form>
  </div>
</div>
`;

exports[`PlaylistForm Component > calls onSubmit with correct values when the form is submitted 1`] = `
<div>
  <div
    aria-label="Playlist creation form"
    class="form-overlay"
  >
    <form
      aria-labelledby="form-title"
      class="form-content"
    >
      <h2
        id="form-title"
      >
        Create new playlist
      </h2>
      <fieldset>
        <label
          class="playlist-label"
          for="playlist-name"
        >
          Enter playlist name:
        </label>
        <input
          aria-invalid="false"
          aria-required="true"
          class="playlist-input "
          id="playlist-name"
          maxlength="15"
          placeholder="Enter playlist name"
          type="text"
          value=""
        />
        <label
          class="playlist-label"
        >
          Select background color:
        </label>
        <div
          class="color-options"
        >
          <button
            aria-label="Select Dark Gray color"
            class="color-button selected"
            data-colorname="Dark Gray"
            style="background-color: rgb(138, 133, 135);"
            type="button"
          />
          <button
            aria-label="Select Dark Purple color"
            class="color-button "
            data-colorname="Dark Purple"
            style="background-color: rgb(134, 111, 149);"
            type="button"
          />
          <button
            aria-label="Select Dark Pink color"
            class="color-button "
            data-colorname="Dark Pink"
            style="background-color: rgb(158, 51, 105);"
            type="button"
          />
          <button
            aria-label="Select Dark Yellow color"
            class="color-button "
            data-colorname="Dark Yellow"
            style="background-color: rgb(215, 186, 40);"
            type="button"
          />
          <button
            aria-label="Select Dark Green color"
            class="color-button "
            data-colorname="Dark Green"
            style="background-color: rgb(53, 105, 63);"
            type="button"
          />
          <button
            aria-label="Select Dark Blue color"
            class="color-button "
            data-colorname="Dark Blue"
            style="background-color: rgb(68, 89, 136);"
            type="button"
          />
        </div>
        <label
          class="playlist-label"
        >
          Select an icon:
        </label>
        <div
          class="icon-options"
        >
          <button
            aria-label="Select Music Note icon"
            class="icon-button active"
            data-iconname="Music Note"
            type="button"
          >
            🎵
          </button>
          <button
            aria-label="Select Guitar icon"
            class="icon-button"
            data-iconname="Guitar"
            type="button"
          >
            🎸
          </button>
          <button
            aria-label="Select Microphone icon"
            class="icon-button"
            data-iconname="Microphone"
            type="button"
          >
            🎤
          </button>
          <button
            aria-label="Select Heart on Fire icon"
            class="icon-button"
            data-iconname="Heart on Fire"
            type="button"
          >
            ❤️‍🔥
          </button>
          <button
            aria-label="Select Mushroom icon"
            class="icon-button"
            data-iconname="Mushroom"
            type="button"
          >
            🍄
          </button>
          <button
            aria-label="Select Flower icon"
            class="icon-button"
            data-iconname="Flower"
            type="button"
          >
            🌸
          </button>
          <button
            aria-label="Select Sparkles icon"
            class="icon-button"
            data-iconname="Sparkles"
            type="button"
          >
            ✨
          </button>
          <button
            aria-label="Select Violin icon"
            class="icon-button"
            data-iconname="Violin"
            type="button"
          >
            🎻
          </button>
          <button
            aria-label="Select Projector icon"
            class="icon-button"
            data-iconname="Projector"
            type="button"
          >
            📽️
          </button>
          <button
            aria-label="Select Yoga icon"
            class="icon-button"
            data-iconname="Yoga"
            type="button"
          >
            🧘‍♀️
          </button>
          <button
            aria-label="Select Weight Lifting icon"
            class="icon-button"
            data-iconname="Weight Lifting"
            type="button"
          >
            🏋️‍♀️
          </button>
          <button
            aria-label="Select Running icon"
            class="icon-button"
            data-iconname="Running"
            type="button"
          >
            🏃‍♀️‍➡️
          </button>
          <button
            aria-label="Select Unicorn icon"
            class="icon-button"
            data-iconname="Unicorn"
            type="button"
          >
            🦄
          </button>
          <button
            aria-label="Select Disco Ball icon"
            class="icon-button"
            data-iconname="Disco Ball"
            type="button"
          >
            🪩
          </button>
          <button
            aria-label="Select Dancer icon"
            class="icon-button"
            data-iconname="Dancer"
            type="button"
          >
            🕺
          </button>
          <button
            aria-label="Select Autumn Leaf icon"
            class="icon-button"
            data-iconname="Autumn Leaf"
            type="button"
          >
            🍂
          </button>
          <button
            aria-label="Select Leaf icon"
            class="icon-button"
            data-iconname="Leaf"
            type="button"
          >
            🌿
          </button>
          <button
            aria-label="Select Christmas Tree icon"
            class="icon-button"
            data-iconname="Christmas Tree"
            type="button"
          >
            🎄
          </button>
          <button
            aria-label="Select Pumpkin icon"
            class="icon-button"
            data-iconname="Pumpkin"
            type="button"
          >
            🎃
          </button>
          <button
            aria-label="Select Broken Heart icon"
            class="icon-button"
            data-iconname="Broken Heart"
            type="button"
          >
            💔
          </button>
        </div>
      </fieldset>
      <button
        aria-label="Close playlist creation form"
        class="form-close-button"
        type="button"
      >
        Close
      </button>
      <button
        aria-label="Submit playlist creation form"
        class="form-submit-button"
        type="submit"
      >
        Submit
      </button>
    </form>
  </div>
</div>
`;

exports[`PlaylistForm Component > does not render when show is false 1`] = `<div />`;

exports[`PlaylistForm Component > focuses on the input field when the form is shown 1`] = `
<div>
  <div
    aria-label="Playlist creation form"
    class="form-overlay"
  >
    <form
      aria-labelledby="form-title"
      class="form-content"
    >
      <h2
        id="form-title"
      >
        Create new playlist
      </h2>
      <fieldset>
        <label
          class="playlist-label"
          for="playlist-name"
        >
          Enter playlist name:
        </label>
        <input
          aria-invalid="false"
          aria-required="true"
          class="playlist-input "
          id="playlist-name"
          maxlength="15"
          placeholder="Enter playlist name"
          type="text"
          value=""
        />
        <label
          class="playlist-label"
        >
          Select background color:
        </label>
        <div
          class="color-options"
        >
          <button
            aria-label="Select Dark Gray color"
            class="color-button selected"
            data-colorname="Dark Gray"
            style="background-color: rgb(138, 133, 135);"
            type="button"
          />
          <button
            aria-label="Select Dark Purple color"
            class="color-button "
            data-colorname="Dark Purple"
            style="background-color: rgb(134, 111, 149);"
            type="button"
          />
          <button
            aria-label="Select Dark Pink color"
            class="color-button "
            data-colorname="Dark Pink"
            style="background-color: rgb(158, 51, 105);"
            type="button"
          />
          <button
            aria-label="Select Dark Yellow color"
            class="color-button "
            data-colorname="Dark Yellow"
            style="background-color: rgb(215, 186, 40);"
            type="button"
          />
          <button
            aria-label="Select Dark Green color"
            class="color-button "
            data-colorname="Dark Green"
            style="background-color: rgb(53, 105, 63);"
            type="button"
          />
          <button
            aria-label="Select Dark Blue color"
            class="color-button "
            data-colorname="Dark Blue"
            style="background-color: rgb(68, 89, 136);"
            type="button"
          />
        </div>
        <label
          class="playlist-label"
        >
          Select an icon:
        </label>
        <div
          class="icon-options"
        >
          <button
            aria-label="Select Music Note icon"
            class="icon-button active"
            data-iconname="Music Note"
            type="button"
          >
            🎵
          </button>
          <button
            aria-label="Select Guitar icon"
            class="icon-button"
            data-iconname="Guitar"
            type="button"
          >
            🎸
          </button>
          <button
            aria-label="Select Microphone icon"
            class="icon-button"
            data-iconname="Microphone"
            type="button"
          >
            🎤
          </button>
          <button
            aria-label="Select Heart on Fire icon"
            class="icon-button"
            data-iconname="Heart on Fire"
            type="button"
          >
            ❤️‍🔥
          </button>
          <button
            aria-label="Select Mushroom icon"
            class="icon-button"
            data-iconname="Mushroom"
            type="button"
          >
            🍄
          </button>
          <button
            aria-label="Select Flower icon"
            class="icon-button"
            data-iconname="Flower"
            type="button"
          >
            🌸
          </button>
          <button
            aria-label="Select Sparkles icon"
            class="icon-button"
            data-iconname="Sparkles"
            type="button"
          >
            ✨
          </button>
          <button
            aria-label="Select Violin icon"
            class="icon-button"
            data-iconname="Violin"
            type="button"
          >
            🎻
          </button>
          <button
            aria-label="Select Projector icon"
            class="icon-button"
            data-iconname="Projector"
            type="button"
          >
            📽️
          </button>
          <button
            aria-label="Select Yoga icon"
            class="icon-button"
            data-iconname="Yoga"
            type="button"
          >
            🧘‍♀️
          </button>
          <button
            aria-label="Select Weight Lifting icon"
            class="icon-button"
            data-iconname="Weight Lifting"
            type="button"
          >
            🏋️‍♀️
          </button>
          <button
            aria-label="Select Running icon"
            class="icon-button"
            data-iconname="Running"
            type="button"
          >
            🏃‍♀️‍➡️
          </button>
          <button
            aria-label="Select Unicorn icon"
            class="icon-button"
            data-iconname="Unicorn"
            type="button"
          >
            🦄
          </button>
          <button
            aria-label="Select Disco Ball icon"
            class="icon-button"
            data-iconname="Disco Ball"
            type="button"
          >
            🪩
          </button>
          <button
            aria-label="Select Dancer icon"
            class="icon-button"
            data-iconname="Dancer"
            type="button"
          >
            🕺
          </button>
          <button
            aria-label="Select Autumn Leaf icon"
            class="icon-button"
            data-iconname="Autumn Leaf"
            type="button"
          >
            🍂
          </button>
          <button
            aria-label="Select Leaf icon"
            class="icon-button"
            data-iconname="Leaf"
            type="button"
          >
            🌿
          </button>
          <button
            aria-label="Select Christmas Tree icon"
            class="icon-button"
            data-iconname="Christmas Tree"
            type="button"
          >
            🎄
          </button>
          <button
            aria-label="Select Pumpkin icon"
            class="icon-button"
            data-iconname="Pumpkin"
            type="button"
          >
            🎃
          </button>
          <button
            aria-label="Select Broken Heart icon"
            class="icon-button"
            data-iconname="Broken Heart"
            type="button"
          >
            💔
          </button>
        </div>
      </fieldset>
      <button
        aria-label="Close playlist creation form"
        class="form-close-button"
        type="button"
      >
        Close
      </button>
      <button
        aria-label="Submit playlist creation form"
        class="form-submit-button"
        type="submit"
      >
        Submit
      </button>
    </form>
  </div>
</div>
`;

exports[`PlaylistForm Component > handles color selection 1`] = `
<div>
  <div
    aria-label="Playlist creation form"
    class="form-overlay"
  >
    <form
      aria-labelledby="form-title"
      class="form-content"
    >
      <h2
        id="form-title"
      >
        Create new playlist
      </h2>
      <fieldset>
        <label
          class="playlist-label"
          for="playlist-name"
        >
          Enter playlist name:
        </label>
        <input
          aria-invalid="false"
          aria-required="true"
          class="playlist-input "
          id="playlist-name"
          maxlength="15"
          placeholder="Enter playlist name"
          type="text"
          value=""
        />
        <label
          class="playlist-label"
        >
          Select background color:
        </label>
        <div
          class="color-options"
        >
          <button
            aria-label="Select Dark Gray color"
            class="color-button selected"
            data-colorname="Dark Gray"
            style="background-color: rgb(138, 133, 135);"
            type="button"
          />
          <button
            aria-label="Select Dark Purple color"
            class="color-button "
            data-colorname="Dark Purple"
            style="background-color: rgb(134, 111, 149);"
            type="button"
          />
          <button
            aria-label="Select Dark Pink color"
            class="color-button "
            data-colorname="Dark Pink"
            style="background-color: rgb(158, 51, 105);"
            type="button"
          />
          <button
            aria-label="Select Dark Yellow color"
            class="color-button "
            data-colorname="Dark Yellow"
            style="background-color: rgb(215, 186, 40);"
            type="button"
          />
          <button
            aria-label="Select Dark Green color"
            class="color-button "
            data-colorname="Dark Green"
            style="background-color: rgb(53, 105, 63);"
            type="button"
          />
          <button
            aria-label="Select Dark Blue color"
            class="color-button "
            data-colorname="Dark Blue"
            style="background-color: rgb(68, 89, 136);"
            type="button"
          />
        </div>
        <label
          class="playlist-label"
        >
          Select an icon:
        </label>
        <div
          class="icon-options"
        >
          <button
            aria-label="Select Music Note icon"
            class="icon-button active"
            data-iconname="Music Note"
            type="button"
          >
            🎵
          </button>
          <button
            aria-label="Select Guitar icon"
            class="icon-button"
            data-iconname="Guitar"
            type="button"
          >
            🎸
          </button>
          <button
            aria-label="Select Microphone icon"
            class="icon-button"
            data-iconname="Microphone"
            type="button"
          >
            🎤
          </button>
          <button
            aria-label="Select Heart on Fire icon"
            class="icon-button"
            data-iconname="Heart on Fire"
            type="button"
          >
            ❤️‍🔥
          </button>
          <button
            aria-label="Select Mushroom icon"
            class="icon-button"
            data-iconname="Mushroom"
            type="button"
          >
            🍄
          </button>
          <button
            aria-label="Select Flower icon"
            class="icon-button"
            data-iconname="Flower"
            type="button"
          >
            🌸
          </button>
          <button
            aria-label="Select Sparkles icon"
            class="icon-button"
            data-iconname="Sparkles"
            type="button"
          >
            ✨
          </button>
          <button
            aria-label="Select Violin icon"
            class="icon-button"
            data-iconname="Violin"
            type="button"
          >
            🎻
          </button>
          <button
            aria-label="Select Projector icon"
            class="icon-button"
            data-iconname="Projector"
            type="button"
          >
            📽️
          </button>
          <button
            aria-label="Select Yoga icon"
            class="icon-button"
            data-iconname="Yoga"
            type="button"
          >
            🧘‍♀️
          </button>
          <button
            aria-label="Select Weight Lifting icon"
            class="icon-button"
            data-iconname="Weight Lifting"
            type="button"
          >
            🏋️‍♀️
          </button>
          <button
            aria-label="Select Running icon"
            class="icon-button"
            data-iconname="Running"
            type="button"
          >
            🏃‍♀️‍➡️
          </button>
          <button
            aria-label="Select Unicorn icon"
            class="icon-button"
            data-iconname="Unicorn"
            type="button"
          >
            🦄
          </button>
          <button
            aria-label="Select Disco Ball icon"
            class="icon-button"
            data-iconname="Disco Ball"
            type="button"
          >
            🪩
          </button>
          <button
            aria-label="Select Dancer icon"
            class="icon-button"
            data-iconname="Dancer"
            type="button"
          >
            🕺
          </button>
          <button
            aria-label="Select Autumn Leaf icon"
            class="icon-button"
            data-iconname="Autumn Leaf"
            type="button"
          >
            🍂
          </button>
          <button
            aria-label="Select Leaf icon"
            class="icon-button"
            data-iconname="Leaf"
            type="button"
          >
            🌿
          </button>
          <button
            aria-label="Select Christmas Tree icon"
            class="icon-button"
            data-iconname="Christmas Tree"
            type="button"
          >
            🎄
          </button>
          <button
            aria-label="Select Pumpkin icon"
            class="icon-button"
            data-iconname="Pumpkin"
            type="button"
          >
            🎃
          </button>
          <button
            aria-label="Select Broken Heart icon"
            class="icon-button"
            data-iconname="Broken Heart"
            type="button"
          >
            💔
          </button>
        </div>
      </fieldset>
      <button
        aria-label="Close playlist creation form"
        class="form-close-button"
        type="button"
      >
        Close
      </button>
      <button
        aria-label="Submit playlist creation form"
        class="form-submit-button"
        type="submit"
      >
        Submit
      </button>
    </form>
  </div>
</div>
`;

exports[`PlaylistForm Component > handles icon selection 1`] = `
<div>
  <div
    aria-label="Playlist creation form"
    class="form-overlay"
  >
    <form
      aria-labelledby="form-title"
      class="form-content"
    >
      <h2
        id="form-title"
      >
        Create new playlist
      </h2>
      <fieldset>
        <label
          class="playlist-label"
          for="playlist-name"
        >
          Enter playlist name:
        </label>
        <input
          aria-invalid="false"
          aria-required="true"
          class="playlist-input "
          id="playlist-name"
          maxlength="15"
          placeholder="Enter playlist name"
          type="text"
          value=""
        />
        <label
          class="playlist-label"
        >
          Select background color:
        </label>
        <div
          class="color-options"
        >
          <button
            aria-label="Select Dark Gray color"
            class="color-button selected"
            data-colorname="Dark Gray"
            style="background-color: rgb(138, 133, 135);"
            type="button"
          />
          <button
            aria-label="Select Dark Purple color"
            class="color-button "
            data-colorname="Dark Purple"
            style="background-color: rgb(134, 111, 149);"
            type="button"
          />
          <button
            aria-label="Select Dark Pink color"
            class="color-button "
            data-colorname="Dark Pink"
            style="background-color: rgb(158, 51, 105);"
            type="button"
          />
          <button
            aria-label="Select Dark Yellow color"
            class="color-button "
            data-colorname="Dark Yellow"
            style="background-color: rgb(215, 186, 40);"
            type="button"
          />
          <button
            aria-label="Select Dark Green color"
            class="color-button "
            data-colorname="Dark Green"
            style="background-color: rgb(53, 105, 63);"
            type="button"
          />
          <button
            aria-label="Select Dark Blue color"
            class="color-button "
            data-colorname="Dark Blue"
            style="background-color: rgb(68, 89, 136);"
            type="button"
          />
        </div>
        <label
          class="playlist-label"
        >
          Select an icon:
        </label>
        <div
          class="icon-options"
        >
          <button
            aria-label="Select Music Note icon"
            class="icon-button"
            data-iconname="Music Note"
            type="button"
          >
            🎵
          </button>
          <button
            aria-label="Select Guitar icon"
            class="icon-button active"
            data-iconname="Guitar"
            type="button"
          >
            🎸
          </button>
          <button
            aria-label="Select Microphone icon"
            class="icon-button"
            data-iconname="Microphone"
            type="button"
          >
            🎤
          </button>
          <button
            aria-label="Select Heart on Fire icon"
            class="icon-button"
            data-iconname="Heart on Fire"
            type="button"
          >
            ❤️‍🔥
          </button>
          <button
            aria-label="Select Mushroom icon"
            class="icon-button"
            data-iconname="Mushroom"
            type="button"
          >
            🍄
          </button>
          <button
            aria-label="Select Flower icon"
            class="icon-button"
            data-iconname="Flower"
            type="button"
          >
            🌸
          </button>
          <button
            aria-label="Select Sparkles icon"
            class="icon-button"
            data-iconname="Sparkles"
            type="button"
          >
            ✨
          </button>
          <button
            aria-label="Select Violin icon"
            class="icon-button"
            data-iconname="Violin"
            type="button"
          >
            🎻
          </button>
          <button
            aria-label="Select Projector icon"
            class="icon-button"
            data-iconname="Projector"
            type="button"
          >
            📽️
          </button>
          <button
            aria-label="Select Yoga icon"
            class="icon-button"
            data-iconname="Yoga"
            type="button"
          >
            🧘‍♀️
          </button>
          <button
            aria-label="Select Weight Lifting icon"
            class="icon-button"
            data-iconname="Weight Lifting"
            type="button"
          >
            🏋️‍♀️
          </button>
          <button
            aria-label="Select Running icon"
            class="icon-button"
            data-iconname="Running"
            type="button"
          >
            🏃‍♀️‍➡️
          </button>
          <button
            aria-label="Select Unicorn icon"
            class="icon-button"
            data-iconname="Unicorn"
            type="button"
          >
            🦄
          </button>
          <button
            aria-label="Select Disco Ball icon"
            class="icon-button"
            data-iconname="Disco Ball"
            type="button"
          >
            🪩
          </button>
          <button
            aria-label="Select Dancer icon"
            class="icon-button"
            data-iconname="Dancer"
            type="button"
          >
            🕺
          </button>
          <button
            aria-label="Select Autumn Leaf icon"
            class="icon-button"
            data-iconname="Autumn Leaf"
            type="button"
          >
            🍂
          </button>
          <button
            aria-label="Select Leaf icon"
            class="icon-button"
            data-iconname="Leaf"
            type="button"
          >
            🌿
          </button>
          <button
            aria-label="Select Christmas Tree icon"
            class="icon-button"
            data-iconname="Christmas Tree"
            type="button"
          >
            🎄
          </button>
          <button
            aria-label="Select Pumpkin icon"
            class="icon-button"
            data-iconname="Pumpkin"
            type="button"
          >
            🎃
          </button>
          <button
            aria-label="Select Broken Heart icon"
            class="icon-button"
            data-iconname="Broken Heart"
            type="button"
          >
            💔
          </button>
        </div>
      </fieldset>
      <button
        aria-label="Close playlist creation form"
        class="form-close-button"
        type="button"
      >
        Close
      </button>
      <button
        aria-label="Submit playlist creation form"
        class="form-submit-button"
        type="submit"
      >
        Submit
      </button>
    </form>
  </div>
</div>
`;

exports[`PlaylistForm Component > renders correctly when show is true 1`] = `
<div>
  <div
    aria-label="Playlist creation form"
    class="form-overlay"
  >
    <form
      aria-labelledby="form-title"
      class="form-content"
    >
      <h2
        id="form-title"
      >
        Create new playlist
      </h2>
      <fieldset>
        <label
          class="playlist-label"
          for="playlist-name"
        >
          Enter playlist name:
        </label>
        <input
          aria-invalid="false"
          aria-required="true"
          class="playlist-input "
          id="playlist-name"
          maxlength="15"
          placeholder="Enter playlist name"
          type="text"
          value=""
        />
        <label
          class="playlist-label"
        >
          Select background color:
        </label>
        <div
          class="color-options"
        >
          <button
            aria-label="Select Dark Gray color"
            class="color-button selected"
            data-colorname="Dark Gray"
            style="background-color: rgb(138, 133, 135);"
            type="button"
          />
          <button
            aria-label="Select Dark Purple color"
            class="color-button "
            data-colorname="Dark Purple"
            style="background-color: rgb(134, 111, 149);"
            type="button"
          />
          <button
            aria-label="Select Dark Pink color"
            class="color-button "
            data-colorname="Dark Pink"
            style="background-color: rgb(158, 51, 105);"
            type="button"
          />
          <button
            aria-label="Select Dark Yellow color"
            class="color-button "
            data-colorname="Dark Yellow"
            style="background-color: rgb(215, 186, 40);"
            type="button"
          />
          <button
            aria-label="Select Dark Green color"
            class="color-button "
            data-colorname="Dark Green"
            style="background-color: rgb(53, 105, 63);"
            type="button"
          />
          <button
            aria-label="Select Dark Blue color"
            class="color-button "
            data-colorname="Dark Blue"
            style="background-color: rgb(68, 89, 136);"
            type="button"
          />
        </div>
        <label
          class="playlist-label"
        >
          Select an icon:
        </label>
        <div
          class="icon-options"
        >
          <button
            aria-label="Select Music Note icon"
            class="icon-button active"
            data-iconname="Music Note"
            type="button"
          >
            🎵
          </button>
          <button
            aria-label="Select Guitar icon"
            class="icon-button"
            data-iconname="Guitar"
            type="button"
          >
            🎸
          </button>
          <button
            aria-label="Select Microphone icon"
            class="icon-button"
            data-iconname="Microphone"
            type="button"
          >
            🎤
          </button>
          <button
            aria-label="Select Heart on Fire icon"
            class="icon-button"
            data-iconname="Heart on Fire"
            type="button"
          >
            ❤️‍🔥
          </button>
          <button
            aria-label="Select Mushroom icon"
            class="icon-button"
            data-iconname="Mushroom"
            type="button"
          >
            🍄
          </button>
          <button
            aria-label="Select Flower icon"
            class="icon-button"
            data-iconname="Flower"
            type="button"
          >
            🌸
          </button>
          <button
            aria-label="Select Sparkles icon"
            class="icon-button"
            data-iconname="Sparkles"
            type="button"
          >
            ✨
          </button>
          <button
            aria-label="Select Violin icon"
            class="icon-button"
            data-iconname="Violin"
            type="button"
          >
            🎻
          </button>
          <button
            aria-label="Select Projector icon"
            class="icon-button"
            data-iconname="Projector"
            type="button"
          >
            📽️
          </button>
          <button
            aria-label="Select Yoga icon"
            class="icon-button"
            data-iconname="Yoga"
            type="button"
          >
            🧘‍♀️
          </button>
          <button
            aria-label="Select Weight Lifting icon"
            class="icon-button"
            data-iconname="Weight Lifting"
            type="button"
          >
            🏋️‍♀️
          </button>
          <button
            aria-label="Select Running icon"
            class="icon-button"
            data-iconname="Running"
            type="button"
          >
            🏃‍♀️‍➡️
          </button>
          <button
            aria-label="Select Unicorn icon"
            class="icon-button"
            data-iconname="Unicorn"
            type="button"
          >
            🦄
          </button>
          <button
            aria-label="Select Disco Ball icon"
            class="icon-button"
            data-iconname="Disco Ball"
            type="button"
          >
            🪩
          </button>
          <button
            aria-label="Select Dancer icon"
            class="icon-button"
            data-iconname="Dancer"
            type="button"
          >
            🕺
          </button>
          <button
            aria-label="Select Autumn Leaf icon"
            class="icon-button"
            data-iconname="Autumn Leaf"
            type="button"
          >
            🍂
          </button>
          <button
            aria-label="Select Leaf icon"
            class="icon-button"
            data-iconname="Leaf"
            type="button"
          >
            🌿
          </button>
          <button
            aria-label="Select Christmas Tree icon"
            class="icon-button"
            data-iconname="Christmas Tree"
            type="button"
          >
            🎄
          </button>
          <button
            aria-label="Select Pumpkin icon"
            class="icon-button"
            data-iconname="Pumpkin"
            type="button"
          >
            🎃
          </button>
          <button
            aria-label="Select Broken Heart icon"
            class="icon-button"
            data-iconname="Broken Heart"
            type="button"
          >
            💔
          </button>
        </div>
      </fieldset>
      <button
        aria-label="Close playlist creation form"
        class="form-close-button"
        type="button"
      >
        Close
      </button>
      <button
        aria-label="Submit playlist creation form"
        class="form-submit-button"
        type="submit"
      >
        Submit
      </button>
    </form>
  </div>
</div>
`;

exports[`PlaylistForm Component > resets the form state after submission or close 1`] = `
<div>
  <div
    aria-label="Playlist creation form"
    class="form-overlay"
  >
    <form
      aria-labelledby="form-title"
      class="form-content"
    >
      <h2
        id="form-title"
      >
        Create new playlist
      </h2>
      <fieldset>
        <label
          class="playlist-label"
          for="playlist-name"
        >
          Enter playlist name:
        </label>
        <input
          aria-invalid="false"
          aria-required="true"
          class="playlist-input "
          id="playlist-name"
          maxlength="15"
          placeholder="Enter playlist name"
          type="text"
          value=""
        />
        <label
          class="playlist-label"
        >
          Select background color:
        </label>
        <div
          class="color-options"
        >
          <button
            aria-label="Select Dark Gray color"
            class="color-button selected"
            data-colorname="Dark Gray"
            style="background-color: rgb(138, 133, 135);"
            type="button"
          />
          <button
            aria-label="Select Dark Purple color"
            class="color-button "
            data-colorname="Dark Purple"
            style="background-color: rgb(134, 111, 149);"
            type="button"
          />
          <button
            aria-label="Select Dark Pink color"
            class="color-button "
            data-colorname="Dark Pink"
            style="background-color: rgb(158, 51, 105);"
            type="button"
          />
          <button
            aria-label="Select Dark Yellow color"
            class="color-button "
            data-colorname="Dark Yellow"
            style="background-color: rgb(215, 186, 40);"
            type="button"
          />
          <button
            aria-label="Select Dark Green color"
            class="color-button "
            data-colorname="Dark Green"
            style="background-color: rgb(53, 105, 63);"
            type="button"
          />
          <button
            aria-label="Select Dark Blue color"
            class="color-button "
            data-colorname="Dark Blue"
            style="background-color: rgb(68, 89, 136);"
            type="button"
          />
        </div>
        <label
          class="playlist-label"
        >
          Select an icon:
        </label>
        <div
          class="icon-options"
        >
          <button
            aria-label="Select Music Note icon"
            class="icon-button active"
            data-iconname="Music Note"
            type="button"
          >
            🎵
          </button>
          <button
            aria-label="Select Guitar icon"
            class="icon-button"
            data-iconname="Guitar"
            type="button"
          >
            🎸
          </button>
          <button
            aria-label="Select Microphone icon"
            class="icon-button"
            data-iconname="Microphone"
            type="button"
          >
            🎤
          </button>
          <button
            aria-label="Select Heart on Fire icon"
            class="icon-button"
            data-iconname="Heart on Fire"
            type="button"
          >
            ❤️‍🔥
          </button>
          <button
            aria-label="Select Mushroom icon"
            class="icon-button"
            data-iconname="Mushroom"
            type="button"
          >
            🍄
          </button>
          <button
            aria-label="Select Flower icon"
            class="icon-button"
            data-iconname="Flower"
            type="button"
          >
            🌸
          </button>
          <button
            aria-label="Select Sparkles icon"
            class="icon-button"
            data-iconname="Sparkles"
            type="button"
          >
            ✨
          </button>
          <button
            aria-label="Select Violin icon"
            class="icon-button"
            data-iconname="Violin"
            type="button"
          >
            🎻
          </button>
          <button
            aria-label="Select Projector icon"
            class="icon-button"
            data-iconname="Projector"
            type="button"
          >
            📽️
          </button>
          <button
            aria-label="Select Yoga icon"
            class="icon-button"
            data-iconname="Yoga"
            type="button"
          >
            🧘‍♀️
          </button>
          <button
            aria-label="Select Weight Lifting icon"
            class="icon-button"
            data-iconname="Weight Lifting"
            type="button"
          >
            🏋️‍♀️
          </button>
          <button
            aria-label="Select Running icon"
            class="icon-button"
            data-iconname="Running"
            type="button"
          >
            🏃‍♀️‍➡️
          </button>
          <button
            aria-label="Select Unicorn icon"
            class="icon-button"
            data-iconname="Unicorn"
            type="button"
          >
            🦄
          </button>
          <button
            aria-label="Select Disco Ball icon"
            class="icon-button"
            data-iconname="Disco Ball"
            type="button"
          >
            🪩
          </button>
          <button
            aria-label="Select Dancer icon"
            class="icon-button"
            data-iconname="Dancer"
            type="button"
          >
            🕺
          </button>
          <button
            aria-label="Select Autumn Leaf icon"
            class="icon-button"
            data-iconname="Autumn Leaf"
            type="button"
          >
            🍂
          </button>
          <button
            aria-label="Select Leaf icon"
            class="icon-button"
            data-iconname="Leaf"
            type="button"
          >
            🌿
          </button>
          <button
            aria-label="Select Christmas Tree icon"
            class="icon-button"
            data-iconname="Christmas Tree"
            type="button"
          >
            🎄
          </button>
          <button
            aria-label="Select Pumpkin icon"
            class="icon-button"
            data-iconname="Pumpkin"
            type="button"
          >
            🎃
          </button>
          <button
            aria-label="Select Broken Heart icon"
            class="icon-button"
            data-iconname="Broken Heart"
            type="button"
          >
            💔
          </button>
        </div>
      </fieldset>
      <button
        aria-label="Close playlist creation form"
        class="form-close-button"
        type="button"
      >
        Close
      </button>
      <button
        aria-label="Submit playlist creation form"
        class="form-submit-button"
        type="submit"
      >
        Submit
      </button>
    </form>
  </div>
</div>
`;

exports[`PlaylistForm Component > shows an error when input value is empty and Submit is clicked 1`] = `
<div>
  <div
    aria-label="Playlist creation form"
    class="form-overlay"
  >
    <form
      aria-labelledby="form-title"
      class="form-content"
    >
      <h2
        id="form-title"
      >
        Create new playlist
      </h2>
      <fieldset>
        <label
          class="playlist-label"
          for="playlist-name"
        >
          Enter playlist name:
        </label>
        <input
          aria-invalid="true"
          aria-required="true"
          class="playlist-input input-error"
          id="playlist-name"
          maxlength="15"
          placeholder="Enter playlist name"
          type="text"
          value=""
        />
        <label
          class="playlist-label"
        >
          Select background color:
        </label>
        <div
          class="color-options"
        >
          <button
            aria-label="Select Dark Gray color"
            class="color-button selected"
            data-colorname="Dark Gray"
            style="background-color: rgb(138, 133, 135);"
            type="button"
          />
          <button
            aria-label="Select Dark Purple color"
            class="color-button "
            data-colorname="Dark Purple"
            style="background-color: rgb(134, 111, 149);"
            type="button"
          />
          <button
            aria-label="Select Dark Pink color"
            class="color-button "
            data-colorname="Dark Pink"
            style="background-color: rgb(158, 51, 105);"
            type="button"
          />
          <button
            aria-label="Select Dark Yellow color"
            class="color-button "
            data-colorname="Dark Yellow"
            style="background-color: rgb(215, 186, 40);"
            type="button"
          />
          <button
            aria-label="Select Dark Green color"
            class="color-button "
            data-colorname="Dark Green"
            style="background-color: rgb(53, 105, 63);"
            type="button"
          />
          <button
            aria-label="Select Dark Blue color"
            class="color-button "
            data-colorname="Dark Blue"
            style="background-color: rgb(68, 89, 136);"
            type="button"
          />
        </div>
        <label
          class="playlist-label"
        >
          Select an icon:
        </label>
        <div
          class="icon-options"
        >
          <button
            aria-label="Select Music Note icon"
            class="icon-button active"
            data-iconname="Music Note"
            type="button"
          >
            🎵
          </button>
          <button
            aria-label="Select Guitar icon"
            class="icon-button"
            data-iconname="Guitar"
            type="button"
          >
            🎸
          </button>
          <button
            aria-label="Select Microphone icon"
            class="icon-button"
            data-iconname="Microphone"
            type="button"
          >
            🎤
          </button>
          <button
            aria-label="Select Heart on Fire icon"
            class="icon-button"
            data-iconname="Heart on Fire"
            type="button"
          >
            ❤️‍🔥
          </button>
          <button
            aria-label="Select Mushroom icon"
            class="icon-button"
            data-iconname="Mushroom"
            type="button"
          >
            🍄
          </button>
          <button
            aria-label="Select Flower icon"
            class="icon-button"
            data-iconname="Flower"
            type="button"
          >
            🌸
          </button>
          <button
            aria-label="Select Sparkles icon"
            class="icon-button"
            data-iconname="Sparkles"
            type="button"
          >
            ✨
          </button>
          <button
            aria-label="Select Violin icon"
            class="icon-button"
            data-iconname="Violin"
            type="button"
          >
            🎻
          </button>
          <button
            aria-label="Select Projector icon"
            class="icon-button"
            data-iconname="Projector"
            type="button"
          >
            📽️
          </button>
          <button
            aria-label="Select Yoga icon"
            class="icon-button"
            data-iconname="Yoga"
            type="button"
          >
            🧘‍♀️
          </button>
          <button
            aria-label="Select Weight Lifting icon"
            class="icon-button"
            data-iconname="Weight Lifting"
            type="button"
          >
            🏋️‍♀️
          </button>
          <button
            aria-label="Select Running icon"
            class="icon-button"
            data-iconname="Running"
            type="button"
          >
            🏃‍♀️‍➡️
          </button>
          <button
            aria-label="Select Unicorn icon"
            class="icon-button"
            data-iconname="Unicorn"
            type="button"
          >
            🦄
          </button>
          <button
            aria-label="Select Disco Ball icon"
            class="icon-button"
            data-iconname="Disco Ball"
            type="button"
          >
            🪩
          </button>
          <button
            aria-label="Select Dancer icon"
            class="icon-button"
            data-iconname="Dancer"
            type="button"
          >
            🕺
          </button>
          <button
            aria-label="Select Autumn Leaf icon"
            class="icon-button"
            data-iconname="Autumn Leaf"
            type="button"
          >
            🍂
          </button>
          <button
            aria-label="Select Leaf icon"
            class="icon-button"
            data-iconname="Leaf"
            type="button"
          >
            🌿
          </button>
          <button
            aria-label="Select Christmas Tree icon"
            class="icon-button"
            data-iconname="Christmas Tree"
            type="button"
          >
            🎄
          </button>
          <button
            aria-label="Select Pumpkin icon"
            class="icon-button"
            data-iconname="Pumpkin"
            type="button"
          >
            🎃
          </button>
          <button
            aria-label="Select Broken Heart icon"
            class="icon-button"
            data-iconname="Broken Heart"
            type="button"
          >
            💔
          </button>
        </div>
      </fieldset>
      <button
        aria-label="Close playlist creation form"
        class="form-close-button"
        type="button"
      >
        Close
      </button>
      <button
        aria-label="Submit playlist creation form"
        class="form-submit-button"
        type="submit"
      >
        Submit
      </button>
    </form>
  </div>
</div>
`;
