// Vitest Snapshot v1, https://vitest.dev/guide/snapshot.html

exports[`Sort > matches snapshot with a different sort option 1`] = `
<div>
  <div
    class="sort-container"
  >
    <section
      class="sortHeader"
    >
      <svg
        aria-label="Sort icon"
        class="filterSortIcon"
        fill="currentColor"
        height="1em"
        stroke="currentColor"
        stroke-width="0"
        viewBox="0 0 320 512"
        width="1em"
        xmlns="http://www.w3.org/2000/svg"
      >
        <path
          d="M41 288h238c21.4 0 32.1 25.9 17 41L177 448c-9.4 9.4-24.6 9.4-33.9 0L24 329c-15.1-15.1-4.4-41 17-41zm255-105L177 64c-9.4-9.4-24.6-9.4-33.9 0L24 183c-15.1 15.1-4.4 41 17 41h238c21.4 0 32.1-25.9 17-41z"
        />
      </svg>
      <h2
        class="sort-heading"
      >
        Sort by
      </h2>
    </section>
    <select
      aria-label="Sort songs by"
      class="sort-options"
      tabindex="0"
    >
      <option
        aria-label="Sort by title A to Z"
        value="title_asc"
      >
        Title A-Z
      </option>
      <option
        aria-label="Sort by title Z to A"
        value="title_desc"
      >
        Title Z-A
      </option>
      <option
        aria-label="Sort by artist A to Z"
        value="artist_asc"
      >
        Artist A-Z
      </option>
      <option
        aria-label="Sort by artist Z to A"
        value="artist_desc"
      >
        Artist Z-A
      </option>
      <option
        aria-label="Sort by views descending"
        value="views_desc"
      >
        Views
      </option>
    </select>
  </div>
</div>
`;

exports[`Sort > matches snapshot with default sort option 1`] = `
<div>
  <div
    class="sort-container"
  >
    <section
      class="sortHeader"
    >
      <svg
        aria-label="Sort icon"
        class="filterSortIcon"
        fill="currentColor"
        height="1em"
        stroke="currentColor"
        stroke-width="0"
        viewBox="0 0 320 512"
        width="1em"
        xmlns="http://www.w3.org/2000/svg"
      >
        <path
          d="M41 288h238c21.4 0 32.1 25.9 17 41L177 448c-9.4 9.4-24.6 9.4-33.9 0L24 329c-15.1-15.1-4.4-41 17-41zm255-105L177 64c-9.4-9.4-24.6-9.4-33.9 0L24 183c-15.1 15.1-4.4 41 17 41h238c21.4 0 32.1-25.9 17-41z"
        />
      </svg>
      <h2
        class="sort-heading"
      >
        Sort by
      </h2>
    </section>
    <select
      aria-label="Sort songs by"
      class="sort-options"
      tabindex="0"
    >
      <option
        aria-label="Sort by title A to Z"
        value="title_asc"
      >
        Title A-Z
      </option>
      <option
        aria-label="Sort by title Z to A"
        value="title_desc"
      >
        Title Z-A
      </option>
      <option
        aria-label="Sort by artist A to Z"
        value="artist_asc"
      >
        Artist A-Z
      </option>
      <option
        aria-label="Sort by artist Z to A"
        value="artist_desc"
      >
        Artist Z-A
      </option>
      <option
        aria-label="Sort by views descending"
        value="views_desc"
      >
        Views
      </option>
    </select>
  </div>
</div>
`;
