// Vitest Snapshot v1, https://vitest.dev/guide/snapshot.html

exports[`ViewsFilter Component > matches snapshot 1`] = `
<div>
  <section
    class="filterContainer"
  >
    <section
      class="filterHeader"
    >
      <svg
        class="filterSortIcon"
        fill="currentColor"
        height="1em"
        stroke="currentColor"
        stroke-width="0"
        viewBox="0 0 512 512"
        width="1em"
        xmlns="http://www.w3.org/2000/svg"
      >
        <path
          d="M487.976 0H24.028C2.71 0-8.047 25.866 7.058 40.971L192 225.941V432c0 7.831 3.821 15.17 10.237 19.662l80 55.98C298.02 518.69 320 507.493 320 487.98V225.941l184.947-184.97C520.021 25.896 509.338 0 487.976 0z"
        />
      </svg>
      <h2>
        Views
      </h2>
    </section>
    <div
      class="slider"
      tabindex="-1"
    >
      <div
        class="horizontal-slider"
        style="position: relative;"
      >
        <div
          class="track track-0"
          style="position: absolute; left: 0px; right: 0px;"
        />
        <div
          class="track track-1"
          style="position: absolute; left: 0px; right: 0px;"
        />
        <div
          class="track track-2"
          style="position: absolute; left: 0px; right: 0px;"
        />
        <div
          aria-disabled="false"
          aria-orientation="horizontal"
          aria-valuemax="1000000"
          aria-valuemin="0"
          aria-valuenow="0"
          class="thumb"
          role="slider"
          style="position: absolute; z-index: 1; left: 0px;"
          tabindex="-1"
        />
        <div
          aria-disabled="false"
          aria-orientation="horizontal"
          aria-valuemax="1000000"
          aria-valuemin="0"
          aria-valuenow="1000000"
          class="thumb"
          role="slider"
          style="position: absolute; z-index: 2; left: 0px;"
          tabindex="-1"
        />
      </div>
      <div
        class="viewValues"
      >
        <span>
          0
           - 
          1M
        </span>
      </div>
    </div>
  </section>
</div>
`;
